---
source: fortitude/src/rules/style/mod.rs
expression: diagnostics
snapshot_kind: text
---
./resources/test/fixtures/style/S241.f90:4:12: S241 [*] String uses double quotes but single quotes preferred
  |
2 |   implicit none (type, external)
3 |
4 |   print *, "Hello, World!"
  |            ^^^^^^^^^^^^^^^ S241
5 |   print *, 'Hello, World!'
6 |   print *, 'Hello, "World"!'
  |
  = help: Replace double quotes with single quotes

ℹ Safe fix
1 1 | program p
2 2 |   implicit none (type, external)
3 3 | 
4   |-  print *, "Hello, World!"
5 4 |   print *, 'Hello, World!'
  5 |+  print *, 'Hello, World!'
6 6 |   print *, 'Hello, "World"!'
7 7 |   print *, "Hello, ""World""!"
8 8 |   print *, 'Hello, ''World''!'

./resources/test/fixtures/style/S241.f90:7:12: S241 String uses double quotes but single quotes preferred
  |
5 |   print *, 'Hello, World!'
6 |   print *, 'Hello, "World"!'
7 |   print *, "Hello, ""World""!"
  |            ^^^^^^^^^^^^^^^^^^^ S241
8 |   print *, 'Hello, ''World''!'
9 |   print *, "Hello, &
  |

./resources/test/fixtures/style/S241.f90:9:12: S241 [*] String uses double quotes but single quotes preferred
   |
 7 |     print *, "Hello, ""World""!"
 8 |     print *, 'Hello, ''World''!'
 9 |     print *, "Hello, &
   |  ____________^
10 | |             & World!"
   | |_____________________^ S241
11 |     print *, 'Hello, &
12 |               & World!'
   |
   = help: Replace double quotes with single quotes

ℹ Safe fix
6  6  |   print *, 'Hello, "World"!'
7  7  |   print *, "Hello, ""World""!"
8  8  |   print *, 'Hello, ''World''!'
9     |-  print *, "Hello, &
10    |-            & World!"
11 9  |   print *, 'Hello, &
12 10 |             & World!'
13 11 |   print *, 'Hello, &
   12 |+            & World!'
   13 |+  print *, 'Hello, &
14 14 |             & "World"!'
15 15 |   print *, "Hello, &
16 16 |             & ""World""!"

./resources/test/fixtures/style/S241.f90:15:12: S241 String uses double quotes but single quotes preferred
   |
13 |     print *, 'Hello, &
14 |               & "World"!'
15 |     print *, "Hello, &
   |  ____________^
16 | |             & ""World""!"
   | |_________________________^ S241
17 |     print *, 'Hello, &
18 |               & ''World''!'
   |
