---
source: fortitude/src/rules/correctness/mod.rs
expression: diagnostics
snapshot_kind: text
---
./resources/test/fixtures/correctness/C152.f90:25:3: C152 [*] Line continuation in inline if-statement is misleading
   |
24 |     ! Raise an error if the body is on a new line.
25 | /   if (condition) &
26 | |       print *, "Hello"
   | |______________________^ C152
27 |         print *, "World!"
   |
   = help: Convert to `if(...) then` block

ℹ Safe fix
22 22 |       "Hello world!"; end if
23 23 | 
24 24 |   ! Raise an error if the body is on a new line.
25    |-  if (condition) &
26    |-      print *, "Hello"
   25 |+  if (condition) then
   26 |+    print *, "Hello"
   27 |+  end if
27 28 |       print *, "World!"
28 29 | 
29 30 |   ! Misleading semicolons: the second statement in the body should be placed

./resources/test/fixtures/correctness/C152.f90:31:3: C152 [*] Line continuation in inline if-statement is misleading
   |
29 |     ! Misleading semicolons: the second statement in the body should be placed
30 |     ! after the `end if` in the fix.
31 | /   if (condition) &
32 | |       print *, "Hello"; print *, "World!"
   | |______________________^ C152
33 |
34 |     ! Permit body split across multiple lines.
   |
   = help: Convert to `if(...) then` block

ℹ Safe fix
28 28 | 
29 29 |   ! Misleading semicolons: the second statement in the body should be placed
30 30 |   ! after the `end if` in the fix.
31    |-  if (condition) &
32    |-      print *, "Hello"; print *, "World!"
   31 |+  if (condition) then
   32 |+    print *, "Hello"
   33 |+  end if; print *, "World!"
33 34 | 
34 35 |   ! Permit body split across multiple lines.
35 36 |   if (condition) print *, &

./resources/test/fixtures/correctness/C152.f90:47:3: C152 [*] Line continuation in inline if-statement is misleading
   |
46 |     ! ... but not if the body starts on a new line
47 | /   if (condition &
48 | |       .and. i > 0) &
49 | |         print *, "Hello world!"
   | |_______________________________^ C152
50 |
51 |     ! Some cases might result in weird indentation.
   |
   = help: Convert to `if(...) then` block

ℹ Safe fix
45 45 | 
46 46 |   ! ... but not if the body starts on a new line
47 47 |   if (condition &
48    |-      .and. i > 0) &
49    |-        print *, "Hello world!"
   48 |+      .and. i > 0) then
   49 |+    print *, "Hello world!"
   50 |+  end if
50 51 | 
51 52 |   ! Some cases might result in weird indentation.
52 53 |   do i = 1, 3; if (i == 2) &

./resources/test/fixtures/correctness/C152.f90:52:16: C152 [*] Line continuation in inline if-statement is misleading
   |
51 |     ! Some cases might result in weird indentation.
52 |     do i = 1, 3; if (i == 2) &
   |  ________________^
53 | |     print *, "foo"; end do
   | |__________________^ C152
54 |
55 |     ! We don't handle misleading semicolons here.
   |
   = help: Convert to `if(...) then` block

ℹ Safe fix
49 49 |         print *, "Hello world!"
50 50 | 
51 51 |   ! Some cases might result in weird indentation.
52    |-  do i = 1, 3; if (i == 2) &
53    |-    print *, "foo"; end do
   52 |+  do i = 1, 3; if (i == 2) then
   53 |+    print *, "foo"
   54 |+  end if; end do
54 55 | 
55 56 |   ! We don't handle misleading semicolons here.
56 57 |   if (condition) print *, "foo"; print *, "bar"; &
