---
source: fortitude/src/format.rs
expression: string
---
PROGRAM TEST
END PROGRAM
PROGRAM TEST
END PROGRAM TEST
