---
source: fortitude/src/format.rs
expression: string
---
program foo
end program foo
