---
source: fortitude/src/rules/style/mod.rs
expression: diagnostics
snapshot_kind: text
---
./resources/test/fixtures/style/S201.f90:5:5: S201 [*] 'implicit none' set on the enclosing module
  |
3 | contains
4 |   integer function myfunc(x)
5 |     implicit none
  |     ^^^^^^^^^^^^^ S201
6 |     integer, intent(in) :: x
7 |     myfunc = x * 2
  |
  = help: Remove unnecessary 'implicit none'

ℹ Safe fix
2 2 |   implicit none
3 3 | contains
4 4 |   integer function myfunc(x)
5   |-    implicit none
6 5 |     integer, intent(in) :: x
7 6 |     myfunc = x * 2
8 7 |   end function myfunc

./resources/test/fixtures/style/S201.f90:10:5: S201 [*] 'implicit none' set on the enclosing module
   |
 8 |   end function myfunc
 9 |   subroutine mysub(x)
10 |     implicit none
   |     ^^^^^^^^^^^^^ S201
11 |     integer, intent(inout) :: x
12 |     x = x * 2
   |
   = help: Remove unnecessary 'implicit none'

ℹ Safe fix
7  7  |     myfunc = x * 2
8  8  |   end function myfunc
9  9  |   subroutine mysub(x)
10    |-    implicit none
11 10 |     integer, intent(inout) :: x
12 11 |     x = x * 2
13 12 |   end subroutine mysub

./resources/test/fixtures/style/S201.f90:23:5: S201 [*] 'implicit none' set on the enclosing program
   |
21 | contains
22 |   integer function myfunc2(x)
23 |     implicit none
   |     ^^^^^^^^^^^^^ S201
24 |     integer, intent(in) :: x
25 |     myfunc2 = x * 2
   |
   = help: Remove unnecessary 'implicit none'

ℹ Safe fix
20 20 | 
21 21 | contains
22 22 |   integer function myfunc2(x)
23    |-    implicit none
24 23 |     integer, intent(in) :: x
25 24 |     myfunc2 = x * 2
26 25 |   end function myfunc2

./resources/test/fixtures/style/S201.f90:28:5: S201 [*] 'implicit none' set on the enclosing program
   |
26 |   end function myfunc2
27 |   subroutine mysub2(x)
28 |     implicit none
   |     ^^^^^^^^^^^^^ S201
29 |     integer, intent(inout) :: x
30 |     x = x * 2
   |
   = help: Remove unnecessary 'implicit none'

ℹ Safe fix
25 25 |     myfunc2 = x * 2
26 26 |   end function myfunc2
27 27 |   subroutine mysub2(x)
28    |-    implicit none
29 28 |     integer, intent(inout) :: x
30 29 |     x = x * 2
31 30 |   end subroutine mysub2
